<?xml version="1.0" encoding="UTF-8"?>
<TestRun id="290153f6-b3eb-42c3-a3de-759f5b72ccca" name="jf@JFVAIO 2012-11-18 23:43:36" runUser="jfVaio\jf" xmlns="http://microsoft.com/schemas/VisualStudio/TeamTest/2010">
  <TestSettings name="Default Test Settings" id="bbb1e23c-9175-4137-85a1-9fc7dfd657bc">
    <Deployment runDeploymentRoot="jf_JFVAIO 2012-11-18 23_43_36">
      <DeploymentItem filename="D:\dev\isel\si\Serie02\RBAC-Solution\RBAC.Core\bin\Debug\RBAC.Core.dll" />
    </Deployment>
    <Execution>
      <TestTypeSpecific />
      <AgentRule name="Execution Agents">
      </AgentRule>
    </Execution>
  </TestSettings>
  <Times creation="2012-11-18T23:43:36.7456271+00:00" queuing="2012-11-18T23:43:38.0092293+00:00" start="2012-11-18T23:43:38.1496296+00:00" finish="2012-11-18T23:44:06.2920790+00:00" />
  <ResultSummary outcome="Error">
    <Counters total="1" executed="1" error="0" failed="0" timeout="0" aborted="1" inconclusive="0" passedButRunAborted="0" notRunnable="0" notExecuted="0" disconnected="0" warning="0" passed="0" completed="0" inProgress="0" pending="0" />
    <RunInfos>
      <RunInfo computerName="JFVAIO" outcome="Error" timestamp="2012-11-18T23:44:06.2920790+00:00">
        <Text>Test host process exited unexpectedly.</Text>
      </RunInfo>
    </RunInfos>
  </ResultSummary>
  <TestDefinitions>
    <UnitTest name="Roles_Defined_In_Restriction_Object_Cant_Exist_At_Same_Time" storage="d:\dev\isel\si\serie02\rbac-solution\rbac.core.tests\bin\debug\rbac.core.tests.dll" id="77fa2d56-4efd-0e72-042f-3ab2fc114a54">
      <Execution id="ac824305-15c9-4964-9dea-0a6f52360a2c" />
      <TestMethod codeBase="D:/dev/isel/si/Serie02/RBAC-Solution/RBAC.Core.Tests/bin/Debug/RBAC.Core.Tests.DLL" adapterTypeName="Microsoft.VisualStudio.TestTools.TestTypes.Unit.UnitTestAdapter, Microsoft.VisualStudio.QualityTools.Tips.UnitTest.Adapter, Version=10.0.0.0, Culture=neutral, PublicKeyToken=b03f5f7f11d50a3a" className="RBAC.Core.Tests.Entities.RestrictionTests, RBAC.Core.Tests, Version=1.0.0.0, Culture=neutral, PublicKeyToken=null" name="Roles_Defined_In_Restriction_Object_Cant_Exist_At_Same_Time" />
    </UnitTest>
  </TestDefinitions>
  <TestLists>
    <TestList name="Results Not in a List" id="8c84fa94-04c1-424b-9868-57a2d4851a1d" />
    <TestList name="All Loaded Results" id="19431567-8539-422a-85d7-44ee4e166bda" />
  </TestLists>
  <TestEntries>
    <TestEntry testId="77fa2d56-4efd-0e72-042f-3ab2fc114a54" executionId="ac824305-15c9-4964-9dea-0a6f52360a2c" testListId="8c84fa94-04c1-424b-9868-57a2d4851a1d" />
  </TestEntries>
  <Results>
    <UnitTestResult executionId="ac824305-15c9-4964-9dea-0a6f52360a2c" testId="77fa2d56-4efd-0e72-042f-3ab2fc114a54" testName="Roles_Defined_In_Restriction_Object_Cant_Exist_At_Same_Time" computerName="JFVAIO" duration="00:00:28.0176492" startTime="2012-11-18T23:43:38.2744298+00:00" endTime="2012-11-18T23:44:06.2920790+00:00" testType="13cdc9d9-ddb5-4fa4-a97d-d965ccfc6d4b" outcome="Aborted" testListId="8c84fa94-04c1-424b-9868-57a2d4851a1d" relativeResultsDirectory="ac824305-15c9-4964-9dea-0a6f52360a2c">
    </UnitTestResult>
  </Results>
</TestRun>