<?xml version="1.0" encoding="UTF-8"?>
<TestRun id="25af2160-9732-4c92-8442-270653e47509" name="jf@JFVAIO 2012-11-18 22:46:50" runUser="jfVaio\jf" xmlns="http://microsoft.com/schemas/VisualStudio/TeamTest/2010">
  <TestSettings name="Default Test Settings" id="a54d0e40-8dea-4811-9a8c-fdb3c3fa3480">
    <Deployment runDeploymentRoot="jf_JFVAIO 2012-11-18 22_46_50">
      <DeploymentItem filename="D:\dev\isel\si\Serie02\RBAC-Solution\RBAC.Core\bin\Debug\RBAC.Core.dll" />
    </Deployment>
    <Execution>
      <TestTypeSpecific />
      <AgentRule name="Execution Agents">
      </AgentRule>
    </Execution>
  </TestSettings>
  <Times creation="2012-11-18T22:46:50.6018510+00:00" queuing="2012-11-18T22:46:51.7718530+00:00" start="2012-11-18T22:46:51.8810532+00:00" finish="2012-11-18T22:47:44.4911564+00:00" />
  <ResultSummary outcome="Error">
    <Counters total="12" executed="4" passed="3" error="0" failed="0" timeout="0" aborted="1" inconclusive="0" passedButRunAborted="0" notRunnable="0" notExecuted="8" disconnected="0" warning="0" completed="0" inProgress="0" pending="0" />
    <RunInfos>
      <RunInfo computerName="JFVAIO" outcome="Error" timestamp="2012-11-18T22:47:44.4891563+00:00">
        <Text>Test host process exited unexpectedly.</Text>
      </RunInfo>
    </RunInfos>
  </ResultSummary>
  <TestDefinitions>
    <UnitTest name="User_Session_Without_Role_Cant_Access" storage="d:\dev\isel\si\serie02\rbac-solution\rbac.core.tests\bin\debug\rbac.core.tests.dll" id="c082c9a0-8064-5c7d-a2c2-65d600474842">
      <Execution id="746ccb5e-ecac-4163-8925-9f7a4578e0a3" />
      <TestMethod codeBase="D:/dev/isel/si/Serie02/RBAC-Solution/RBAC.Core.Tests/bin/Debug/RBAC.Core.Tests.DLL" adapterTypeName="Microsoft.VisualStudio.TestTools.TestTypes.Unit.UnitTestAdapter, Microsoft.VisualStudio.QualityTools.Tips.UnitTest.Adapter, Version=10.0.0.0, Culture=neutral, PublicKeyToken=b03f5f7f11d50a3a" className="RBAC.Core.Tests.RBACHelperTests, RBAC.Core.Tests, Version=1.0.0.0, Culture=neutral, PublicKeyToken=null" name="User_Session_Without_Role_Cant_Access" />
    </UnitTest>
    <UnitTest name="TestMethod1" storage="d:\dev\isel\si\serie02\rbac-solution\rbac.core.tests\bin\debug\rbac.core.tests.dll" id="85e9e960-0067-6f8a-0469-6f3fc38d0e78">
      <Execution id="be890e8b-37bc-4cf8-9940-15bf9c63f91d" />
      <TestMethod codeBase="D:/dev/isel/si/Serie02/RBAC-Solution/RBAC.Core.Tests/bin/Debug/RBAC.Core.Tests.DLL" adapterTypeName="Microsoft.VisualStudio.TestTools.TestTypes.Unit.UnitTestAdapter, Microsoft.VisualStudio.QualityTools.Tips.UnitTest.Adapter, Version=10.0.0.0, Culture=neutral, PublicKeyToken=b03f5f7f11d50a3a" className="RBAC.Core.Tests.Repository.RoleRestrictionsRepositoryTests, RBAC.Core.Tests, Version=1.0.0.0, Culture=neutral, PublicKeyToken=null" name="TestMethod1" />
    </UnitTest>
    <UnitTest name="RoleRepository_LoadAll" storage="d:\dev\isel\si\serie02\rbac-solution\rbac.core.tests\bin\debug\rbac.core.tests.dll" id="7b7f838b-0388-dabd-0b83-b74732b2a901">
      <Execution id="ce460ed6-a898-470f-8ab2-b9a97bfb587f" />
      <TestMethod codeBase="D:/dev/isel/si/Serie02/RBAC-Solution/RBAC.Core.Tests/bin/Debug/RBAC.Core.Tests.DLL" adapterTypeName="Microsoft.VisualStudio.TestTools.TestTypes.Unit.UnitTestAdapter, Microsoft.VisualStudio.QualityTools.Tips.UnitTest.Adapter, Version=10.0.0.0, Culture=neutral, PublicKeyToken=b03f5f7f11d50a3a" className="RBAC.Core.Tests.Repository.RoleRepositoryTests, RBAC.Core.Tests, Version=1.0.0.0, Culture=neutral, PublicKeyToken=null" name="RoleRepository_LoadAll" />
    </UnitTest>
    <UnitTest name="UserManager_Returns_All_Roles_Hierarchy" storage="d:\dev\isel\si\serie02\rbac-solution\rbac.core.tests\bin\debug\rbac.core.tests.dll" id="f81c62bb-8284-ee53-c496-315899b23d9f">
      <Execution id="e6f57b05-ca7d-4e7a-8866-d00796283063" />
      <TestMethod codeBase="D:/dev/isel/si/Serie02/RBAC-Solution/RBAC.Core.Tests/bin/Debug/RBAC.Core.Tests.DLL" adapterTypeName="Microsoft.VisualStudio.TestTools.TestTypes.Unit.UnitTestAdapter, Microsoft.VisualStudio.QualityTools.Tips.UnitTest.Adapter, Version=10.0.0.0, Culture=neutral, PublicKeyToken=b03f5f7f11d50a3a" className="RBAC.Core.Tests.RBACHelperTests, RBAC.Core.Tests, Version=1.0.0.0, Culture=neutral, PublicKeyToken=null" name="UserManager_Returns_All_Roles_Hierarchy" />
    </UnitTest>
    <UnitTest name="TestMethod1" storage="d:\dev\isel\si\serie02\rbac-solution\rbac.core.tests\bin\debug\rbac.core.tests.dll" id="c8a39c1a-e30d-de52-440e-d614b4bc4c02">
      <Execution id="49060bff-4985-4697-8b75-d8f4d98c5523" />
      <TestMethod codeBase="D:/dev/isel/si/Serie02/RBAC-Solution/RBAC.Core.Tests/bin/Debug/RBAC.Core.Tests.DLL" adapterTypeName="Microsoft.VisualStudio.TestTools.TestTypes.Unit.UnitTestAdapter, Microsoft.VisualStudio.QualityTools.Tips.UnitTest.Adapter, Version=10.0.0.0, Culture=neutral, PublicKeyToken=b03f5f7f11d50a3a" className="RBAC.Core.Tests.Repository.UserRepositoryTests, RBAC.Core.Tests, Version=1.0.0.0, Culture=neutral, PublicKeyToken=null" name="TestMethod1" />
    </UnitTest>
    <UnitTest name="User_Session_With_Child_Role_And_Permission_To_Access" storage="d:\dev\isel\si\serie02\rbac-solution\rbac.core.tests\bin\debug\rbac.core.tests.dll" id="83ae8fc0-786f-b937-8849-0d88b3db4e54">
      <Execution id="2c1a6849-c39a-4051-9a66-21ec55c02fcd" />
      <TestMethod codeBase="D:/dev/isel/si/Serie02/RBAC-Solution/RBAC.Core.Tests/bin/Debug/RBAC.Core.Tests.DLL" adapterTypeName="Microsoft.VisualStudio.TestTools.TestTypes.Unit.UnitTestAdapter, Microsoft.VisualStudio.QualityTools.Tips.UnitTest.Adapter, Version=10.0.0.0, Culture=neutral, PublicKeyToken=b03f5f7f11d50a3a" className="RBAC.Core.Tests.RBACHelperTests, RBAC.Core.Tests, Version=1.0.0.0, Culture=neutral, PublicKeyToken=null" name="User_Session_With_Child_Role_And_Permission_To_Access" />
    </UnitTest>
    <UnitTest name="User_Session_Without_Child_Role_Cant_Access" storage="d:\dev\isel\si\serie02\rbac-solution\rbac.core.tests\bin\debug\rbac.core.tests.dll" id="1665c9b2-f7ad-5a89-c6bf-49e18c201fec">
      <Execution id="4e29bcfe-8b38-4e48-9c21-cf747f05426f" />
      <TestMethod codeBase="D:/dev/isel/si/Serie02/RBAC-Solution/RBAC.Core.Tests/bin/Debug/RBAC.Core.Tests.DLL" adapterTypeName="Microsoft.VisualStudio.TestTools.TestTypes.Unit.UnitTestAdapter, Microsoft.VisualStudio.QualityTools.Tips.UnitTest.Adapter, Version=10.0.0.0, Culture=neutral, PublicKeyToken=b03f5f7f11d50a3a" className="RBAC.Core.Tests.RBACHelperTests, RBAC.Core.Tests, Version=1.0.0.0, Culture=neutral, PublicKeyToken=null" name="User_Session_Without_Child_Role_Cant_Access" />
    </UnitTest>
    <UnitTest name="UserAssigment_LoadAll" storage="d:\dev\isel\si\serie02\rbac-solution\rbac.core.tests\bin\debug\rbac.core.tests.dll" id="a2a26402-39ab-04e5-5781-3c53c16da1a5">
      <Execution id="a8e397c6-b687-4c78-930a-450abc4e6e0c" />
      <TestMethod codeBase="D:/dev/isel/si/Serie02/RBAC-Solution/RBAC.Core.Tests/bin/Debug/RBAC.Core.Tests.DLL" adapterTypeName="Microsoft.VisualStudio.TestTools.TestTypes.Unit.UnitTestAdapter, Microsoft.VisualStudio.QualityTools.Tips.UnitTest.Adapter, Version=10.0.0.0, Culture=neutral, PublicKeyToken=b03f5f7f11d50a3a" className="RBAC.Core.Tests.Repository.UserAssigmentRepositoryTests, RBAC.Core.Tests, Version=1.0.0.0, Culture=neutral, PublicKeyToken=null" name="UserAssigment_LoadAll" />
    </UnitTest>
    <UnitTest name="UserAssigment_Load_User_Role" storage="d:\dev\isel\si\serie02\rbac-solution\rbac.core.tests\bin\debug\rbac.core.tests.dll" id="207ba87c-b2e6-1cce-b0a6-f01100e81326">
      <Execution id="451236ac-ad6d-4f07-bf1d-b7dcaff5d921" />
      <TestMethod codeBase="D:/dev/isel/si/Serie02/RBAC-Solution/RBAC.Core.Tests/bin/Debug/RBAC.Core.Tests.DLL" adapterTypeName="Microsoft.VisualStudio.TestTools.TestTypes.Unit.UnitTestAdapter, Microsoft.VisualStudio.QualityTools.Tips.UnitTest.Adapter, Version=10.0.0.0, Culture=neutral, PublicKeyToken=b03f5f7f11d50a3a" className="RBAC.Core.Tests.Repository.UserAssigmentRepositoryTests, RBAC.Core.Tests, Version=1.0.0.0, Culture=neutral, PublicKeyToken=null" name="UserAssigment_Load_User_Role" />
    </UnitTest>
    <UnitTest name="Roles_Defined_In_Restriction_Object_Cant_Exist_At_Same_Time" storage="d:\dev\isel\si\serie02\rbac-solution\rbac.core.tests\bin\debug\rbac.core.tests.dll" id="77fa2d56-4efd-0e72-042f-3ab2fc114a54">
      <Execution id="8dfdaba2-eb39-4de2-9748-6f4360d55167" />
      <TestMethod codeBase="D:/dev/isel/si/Serie02/RBAC-Solution/RBAC.Core.Tests/bin/Debug/RBAC.Core.Tests.DLL" adapterTypeName="Microsoft.VisualStudio.TestTools.TestTypes.Unit.UnitTestAdapter, Microsoft.VisualStudio.QualityTools.Tips.UnitTest.Adapter, Version=10.0.0.0, Culture=neutral, PublicKeyToken=b03f5f7f11d50a3a" className="RBAC.Core.Tests.Entities.RestrictionTests, RBAC.Core.Tests, Version=1.0.0.0, Culture=neutral, PublicKeyToken=null" name="Roles_Defined_In_Restriction_Object_Cant_Exist_At_Same_Time" />
    </UnitTest>
    <UnitTest name="User_Session_With_Role_And_Permission_To_Access" storage="d:\dev\isel\si\serie02\rbac-solution\rbac.core.tests\bin\debug\rbac.core.tests.dll" id="b36f11f2-34ed-197f-8336-e1064b0eb6d8">
      <Execution id="3ed91fd9-2205-420c-8202-402892401f1a" />
      <TestMethod codeBase="D:/dev/isel/si/Serie02/RBAC-Solution/RBAC.Core.Tests/bin/Debug/RBAC.Core.Tests.DLL" adapterTypeName="Microsoft.VisualStudio.TestTools.TestTypes.Unit.UnitTestAdapter, Microsoft.VisualStudio.QualityTools.Tips.UnitTest.Adapter, Version=10.0.0.0, Culture=neutral, PublicKeyToken=b03f5f7f11d50a3a" className="RBAC.Core.Tests.RBACHelperTests, RBAC.Core.Tests, Version=1.0.0.0, Culture=neutral, PublicKeyToken=null" name="User_Session_With_Role_And_Permission_To_Access" />
    </UnitTest>
    <UnitTest name="RoleRepository_LoadById" storage="d:\dev\isel\si\serie02\rbac-solution\rbac.core.tests\bin\debug\rbac.core.tests.dll" id="3aa82682-7a5c-12c3-5016-9ecab0e1bdfc">
      <Execution id="f33cbf49-a18e-400f-bd0d-364e23dda725" />
      <TestMethod codeBase="D:/dev/isel/si/Serie02/RBAC-Solution/RBAC.Core.Tests/bin/Debug/RBAC.Core.Tests.DLL" adapterTypeName="Microsoft.VisualStudio.TestTools.TestTypes.Unit.UnitTestAdapter, Microsoft.VisualStudio.QualityTools.Tips.UnitTest.Adapter, Version=10.0.0.0, Culture=neutral, PublicKeyToken=b03f5f7f11d50a3a" className="RBAC.Core.Tests.Repository.RoleRepositoryTests, RBAC.Core.Tests, Version=1.0.0.0, Culture=neutral, PublicKeyToken=null" name="RoleRepository_LoadById" />
    </UnitTest>
  </TestDefinitions>
  <TestLists>
    <TestList name="Results Not in a List" id="8c84fa94-04c1-424b-9868-57a2d4851a1d" />
    <TestList name="All Loaded Results" id="19431567-8539-422a-85d7-44ee4e166bda" />
  </TestLists>
  <TestEntries>
    <TestEntry testId="1665c9b2-f7ad-5a89-c6bf-49e18c201fec" executionId="4e29bcfe-8b38-4e48-9c21-cf747f05426f" testListId="8c84fa94-04c1-424b-9868-57a2d4851a1d" />
    <TestEntry testId="207ba87c-b2e6-1cce-b0a6-f01100e81326" executionId="451236ac-ad6d-4f07-bf1d-b7dcaff5d921" testListId="8c84fa94-04c1-424b-9868-57a2d4851a1d" />
    <TestEntry testId="3aa82682-7a5c-12c3-5016-9ecab0e1bdfc" executionId="f33cbf49-a18e-400f-bd0d-364e23dda725" testListId="8c84fa94-04c1-424b-9868-57a2d4851a1d" />
    <TestEntry testId="77fa2d56-4efd-0e72-042f-3ab2fc114a54" executionId="8dfdaba2-eb39-4de2-9748-6f4360d55167" testListId="8c84fa94-04c1-424b-9868-57a2d4851a1d" />
    <TestEntry testId="7b7f838b-0388-dabd-0b83-b74732b2a901" executionId="ce460ed6-a898-470f-8ab2-b9a97bfb587f" testListId="8c84fa94-04c1-424b-9868-57a2d4851a1d" />
    <TestEntry testId="83ae8fc0-786f-b937-8849-0d88b3db4e54" executionId="2c1a6849-c39a-4051-9a66-21ec55c02fcd" testListId="8c84fa94-04c1-424b-9868-57a2d4851a1d" />
    <TestEntry testId="85e9e960-0067-6f8a-0469-6f3fc38d0e78" executionId="be890e8b-37bc-4cf8-9940-15bf9c63f91d" testListId="8c84fa94-04c1-424b-9868-57a2d4851a1d" />
    <TestEntry testId="a2a26402-39ab-04e5-5781-3c53c16da1a5" executionId="a8e397c6-b687-4c78-930a-450abc4e6e0c" testListId="8c84fa94-04c1-424b-9868-57a2d4851a1d" />
    <TestEntry testId="b36f11f2-34ed-197f-8336-e1064b0eb6d8" executionId="3ed91fd9-2205-420c-8202-402892401f1a" testListId="8c84fa94-04c1-424b-9868-57a2d4851a1d" />
    <TestEntry testId="c082c9a0-8064-5c7d-a2c2-65d600474842" executionId="746ccb5e-ecac-4163-8925-9f7a4578e0a3" testListId="8c84fa94-04c1-424b-9868-57a2d4851a1d" />
    <TestEntry testId="c8a39c1a-e30d-de52-440e-d614b4bc4c02" executionId="49060bff-4985-4697-8b75-d8f4d98c5523" testListId="8c84fa94-04c1-424b-9868-57a2d4851a1d" />
    <TestEntry testId="f81c62bb-8284-ee53-c496-315899b23d9f" executionId="e6f57b05-ca7d-4e7a-8866-d00796283063" testListId="8c84fa94-04c1-424b-9868-57a2d4851a1d" />
  </TestEntries>
  <Results>
    <UnitTestResult executionId="4e29bcfe-8b38-4e48-9c21-cf747f05426f" testId="1665c9b2-f7ad-5a89-c6bf-49e18c201fec" testName="User_Session_Without_Child_Role_Cant_Access" computerName="JFVAIO" duration="00:00:10.0092340" startTime="2012-11-18T22:46:51.9902534+00:00" endTime="2012-11-18T22:47:02.7074723+00:00" testType="13cdc9d9-ddb5-4fa4-a97d-d965ccfc6d4b" outcome="Passed" testListId="8c84fa94-04c1-424b-9868-57a2d4851a1d" relativeResultsDirectory="4e29bcfe-8b38-4e48-9c21-cf747f05426f">
    </UnitTestResult>
    <UnitTestResult executionId="451236ac-ad6d-4f07-bf1d-b7dcaff5d921" testId="207ba87c-b2e6-1cce-b0a6-f01100e81326" testName="UserAssigment_Load_User_Role" computerName="JFVAIO" duration="00:00:00.0017357" startTime="2012-11-18T22:47:02.7230723+00:00" endTime="2012-11-18T22:47:02.7386723+00:00" testType="13cdc9d9-ddb5-4fa4-a97d-d965ccfc6d4b" outcome="Passed" testListId="8c84fa94-04c1-424b-9868-57a2d4851a1d" relativeResultsDirectory="451236ac-ad6d-4f07-bf1d-b7dcaff5d921">
    </UnitTestResult>
    <UnitTestResult executionId="f33cbf49-a18e-400f-bd0d-364e23dda725" testId="3aa82682-7a5c-12c3-5016-9ecab0e1bdfc" testName="RoleRepository_LoadById" computerName="JFVAIO" duration="00:00:00.0009257" startTime="2012-11-18T22:47:02.7386723+00:00" endTime="2012-11-18T22:47:02.7542723+00:00" testType="13cdc9d9-ddb5-4fa4-a97d-d965ccfc6d4b" outcome="Passed" testListId="8c84fa94-04c1-424b-9868-57a2d4851a1d" relativeResultsDirectory="f33cbf49-a18e-400f-bd0d-364e23dda725">
    </UnitTestResult>
    <UnitTestResult executionId="8dfdaba2-eb39-4de2-9748-6f4360d55167" testId="77fa2d56-4efd-0e72-042f-3ab2fc114a54" testName="Roles_Defined_In_Restriction_Object_Cant_Exist_At_Same_Time" computerName="JFVAIO" duration="00:00:41.7368841" startTime="2012-11-18T22:47:02.7542723+00:00" endTime="2012-11-18T22:47:44.4911564+00:00" testType="13cdc9d9-ddb5-4fa4-a97d-d965ccfc6d4b" outcome="Aborted" testListId="8c84fa94-04c1-424b-9868-57a2d4851a1d" relativeResultsDirectory="8dfdaba2-eb39-4de2-9748-6f4360d55167">
    </UnitTestResult>
    <UnitTestResult executionId="ce460ed6-a898-470f-8ab2-b9a97bfb587f" testId="7b7f838b-0388-dabd-0b83-b74732b2a901" testName="RoleRepository_LoadAll" computerName="JFVAIO" testType="13cdc9d9-ddb5-4fa4-a97d-d965ccfc6d4b" outcome="NotExecuted" testListId="8c84fa94-04c1-424b-9868-57a2d4851a1d" relativeResultsDirectory="ce460ed6-a898-470f-8ab2-b9a97bfb587f">
    </UnitTestResult>
    <UnitTestResult executionId="2c1a6849-c39a-4051-9a66-21ec55c02fcd" testId="83ae8fc0-786f-b937-8849-0d88b3db4e54" testName="User_Session_With_Child_Role_And_Permission_To_Access" computerName="JFVAIO" testType="13cdc9d9-ddb5-4fa4-a97d-d965ccfc6d4b" outcome="NotExecuted" testListId="8c84fa94-04c1-424b-9868-57a2d4851a1d" relativeResultsDirectory="2c1a6849-c39a-4051-9a66-21ec55c02fcd">
    </UnitTestResult>
    <UnitTestResult executionId="be890e8b-37bc-4cf8-9940-15bf9c63f91d" testId="85e9e960-0067-6f8a-0469-6f3fc38d0e78" testName="TestMethod1" computerName="JFVAIO" testType="13cdc9d9-ddb5-4fa4-a97d-d965ccfc6d4b" outcome="NotExecuted" testListId="8c84fa94-04c1-424b-9868-57a2d4851a1d" relativeResultsDirectory="be890e8b-37bc-4cf8-9940-15bf9c63f91d">
    </UnitTestResult>
    <UnitTestResult executionId="a8e397c6-b687-4c78-930a-450abc4e6e0c" testId="a2a26402-39ab-04e5-5781-3c53c16da1a5" testName="UserAssigment_LoadAll" computerName="JFVAIO" testType="13cdc9d9-ddb5-4fa4-a97d-d965ccfc6d4b" outcome="NotExecuted" testListId="8c84fa94-04c1-424b-9868-57a2d4851a1d" relativeResultsDirectory="a8e397c6-b687-4c78-930a-450abc4e6e0c">
    </UnitTestResult>
    <UnitTestResult executionId="3ed91fd9-2205-420c-8202-402892401f1a" testId="b36f11f2-34ed-197f-8336-e1064b0eb6d8" testName="User_Session_With_Role_And_Permission_To_Access" computerName="JFVAIO" testType="13cdc9d9-ddb5-4fa4-a97d-d965ccfc6d4b" outcome="NotExecuted" testListId="8c84fa94-04c1-424b-9868-57a2d4851a1d" relativeResultsDirectory="3ed91fd9-2205-420c-8202-402892401f1a">
    </UnitTestResult>
    <UnitTestResult executionId="746ccb5e-ecac-4163-8925-9f7a4578e0a3" testId="c082c9a0-8064-5c7d-a2c2-65d600474842" testName="User_Session_Without_Role_Cant_Access" computerName="JFVAIO" testType="13cdc9d9-ddb5-4fa4-a97d-d965ccfc6d4b" outcome="NotExecuted" testListId="8c84fa94-04c1-424b-9868-57a2d4851a1d" relativeResultsDirectory="746ccb5e-ecac-4163-8925-9f7a4578e0a3">
    </UnitTestResult>
    <UnitTestResult executionId="49060bff-4985-4697-8b75-d8f4d98c5523" testId="c8a39c1a-e30d-de52-440e-d614b4bc4c02" testName="TestMethod1" computerName="JFVAIO" testType="13cdc9d9-ddb5-4fa4-a97d-d965ccfc6d4b" outcome="NotExecuted" testListId="8c84fa94-04c1-424b-9868-57a2d4851a1d" relativeResultsDirectory="49060bff-4985-4697-8b75-d8f4d98c5523">
    </UnitTestResult>
    <UnitTestResult executionId="e6f57b05-ca7d-4e7a-8866-d00796283063" testId="f81c62bb-8284-ee53-c496-315899b23d9f" testName="UserManager_Returns_All_Roles_Hierarchy" computerName="JFVAIO" testType="13cdc9d9-ddb5-4fa4-a97d-d965ccfc6d4b" outcome="NotExecuted" testListId="8c84fa94-04c1-424b-9868-57a2d4851a1d" relativeResultsDirectory="e6f57b05-ca7d-4e7a-8866-d00796283063">
    </UnitTestResult>
  </Results>
</TestRun>